// Jest Snapshot v1, https://goo.gl/fbAQLP

exports[`matches the snapshot 1`] = `
<DocumentFragment>
  <div
    class="App"
  >
    <nav
      class="SiteNav justify-content-between navbar navbar-expand-lg navbar-light bg-dark"
    >
      <span
        class="logo navbar-brand"
      >
        <a
          href="/"
        >
          Movie Explorer
        </a>
      </span>
      <form
        class="form-inline"
      >
        <div
          class="my-1 input-group"
        >
          <input
            aria-describedby="basic-addon2"
            aria-label="Search for a Movie"
            class="form-control form-control-sm"
            name="search"
            placeholder="Find a Movie"
            value=""
          />
          <div
            class="input-group-append"
          >
            <button
              class="btn btn-secondary btn-sm"
              type="submit"
            >
              <svg
                aria-hidden="true"
                class="svg-inline--fa fa-search fa-w-16 "
                data-icon="search"
                data-prefix="fas"
                focusable="false"
                role="img"
                viewBox="0 0 512 512"
                xmlns="http://www.w3.org/2000/svg"
              >
                <path
                  d="M505 442.7L405.3 343c-4.5-4.5-10.6-7-17-7H372c27.6-35.3 44-79.7 44-128C416 93.1 322.9 0 208 0S0 93.1 0 208s93.1 208 208 208c48.3 0 92.7-16.4 128-44v16.3c0 6.4 2.5 12.5 7 17l99.7 99.7c9.4 9.4 24.6 9.4 33.9 0l28.3-28.3c9.4-9.4 9.4-24.6.1-34zM208 336c-70.7 0-128-57.2-128-128 0-70.7 57.2-128 128-128 70.7 0 128 57.2 128 128 0 70.7-57.2 128-128 128z"
                  fill="currentColor"
                />
              </svg>
            </button>
          </div>
        </div>
      </form>
    </nav>
    <div
      class="Home"
    >
      <img
        alt="movie projector shining light"
        src="background-home.jpg"
      />
      <div
        class="HomeSearch"
      >
        <form
          class=""
        >
          <div
            class="mb-3 input-group"
          >
            <input
              aria-describedby="basic-addon2"
              aria-label="Find a Movie"
              class="form-control"
              name="search"
              placeholder="Find a Movie"
              value=""
            />
            <div
              class="input-group-append"
            >
              <button
                class="btn btn-primary"
                type="submit"
              >
                Search
              </button>
            </div>
          </div>
        </form>
      </div>
      <div
        class="photoAttribution"
      >
        <p>
          Background Photo by Jeremy Yap on Unsplash
        </p>
        <div
          class="api-attr"
        >
          <img
            alt="The Movie Database Logo"
            class="TMDBlogo"
            src="https://www.themoviedb.org/assets/2/v4/logos/v2/blue_square_2-d537fb228cf3ded904ef09b136fe3fec72548ebc1fea3fbbd1ad9e36364db38b.svg"
          />
          This app uses the TMDb API but is not endorsed or certified by TMDb.
        </div>
      </div>
    </div>
  </div>
</DocumentFragment>
`;
